// Jest Snapshot v1, https://goo.gl/fbAQLP

exports[`Header component should match snapshot 1`] = `
<div
  className="sc-bdnylx bMssuQ"
  data-testid="wrapper"
>
  <img
    alt=""
    className="sc-gtssRu bQZeWh"
    src="https://patagonian.it/assets/img/logo-nbar.png"
  />
</div>
`;
